$ bun ../scripts/run-js-tests.mjs
bun test v1.3.14 (0d9b296a)

test/args-parser-control.js:
(pass) control options > should parse --stop with UUID or session name [6.03ms]
(pass) control options > should parse --stop=value format [0.28ms]
(pass) control options > should parse --terminate with UUID or session name [0.07ms]
(pass) control options > should parse --terminate=value format [0.05ms]
(pass) control options > should throw error for missing --stop argument [1.01ms]
(pass) control options > should throw error for empty --stop=value argument [0.12ms]
(pass) control options > should throw error for missing --terminate argument [0.06ms]
(pass) control options > should throw error for empty --terminate=value argument [0.07ms]
(pass) control options > should reject combining query and control modes [0.26ms]
(pass) control options > should reject combining upload-log with control modes [0.09ms]
(pass) control options > should reject output-format with control modes [0.18ms]
(pass) control options > should default control options to null [0.11ms]

test/args-parser-docker-cleanup.js:
(pass) docker container cleanup options > should parse --auto-remove-docker-container flag [0.45ms]
(pass) docker container cleanup options > should parse --always-cleanup-container flag [0.14ms]
(pass) docker container cleanup options > should parse --keep-container flag [0.08ms]
(pass) docker container cleanup options > should parse --keep-container-on-fail flag [0.05ms]
(pass) docker container cleanup options > should default cleanup flags to false [0.05ms]
(pass) docker container cleanup options > should throw error for docker cleanup options without docker isolation [0.83ms]
(pass) docker container cleanup options > should throw error for docker cleanup options without isolation [0.25ms]
(pass) docker container cleanup options > should work with keep-alive and auto-remove-docker-container [0.14ms]
(pass) docker container cleanup options > should reject conflicting docker cleanup options [0.75ms]

test/args-parser-isolation-alias.js:
(pass) parseArgs --isolation alias > should parse --isolation alias with value [0.36ms]
(pass) parseArgs --isolation alias > should parse --isolation=value alias format [0.20ms]
(pass) parseArgs --isolation alias > should parse --isolation alias before command without separator [0.14ms]
(pass) parseArgs unknown wrapper options > should throw for unknown wrapper option before separator [2.08ms]
(pass) parseArgs unknown wrapper options > should throw for unknown wrapper option without separator [0.19ms]

test/args-parser-shell.js:
(pass) shell option > should default shell to auto [0.13ms]
(pass) shell option > should parse --shell bash [0.92ms]
(pass) shell option > should parse --shell zsh [0.23ms]
(pass) shell option > should parse --shell sh [2.69ms]
(pass) shell option > should parse --shell auto [0.49ms]
(pass) shell option > should parse --shell=value format [0.24ms]
(pass) shell option > should normalize shell to lowercase [1.70ms]
(pass) shell option > should throw error for missing shell argument [0.78ms]
(pass) shell option > should throw error for invalid shell [0.33ms]
(pass) shell option > should list valid shells in error message [0.46ms]
(pass) shell option > should work with ssh isolation [0.48ms]
(pass) VALID_SHELLS > should include bash [0.06ms]
(pass) VALID_SHELLS > should include zsh [0.05ms]
(pass) VALID_SHELLS > should include sh [0.05ms]
(pass) VALID_SHELLS > should include auto [0.19ms]

test/args-parser.js:
(pass) parseArgs > basic command parsing > should parse simple command without options [0.19ms]
(pass) parseArgs > basic command parsing > should parse command with -- separator [0.12ms]
(pass) parseArgs > basic command parsing > should parse empty command correctly [0.07ms]
(pass) parseArgs > isolation options > should parse --isolated with value [0.07ms]
(pass) parseArgs > isolation options > should parse -i shorthand [0.11ms]
(pass) parseArgs > isolation options > should parse --isolated=value format [0.14ms]
(pass) parseArgs > isolation options > should normalize backend to lowercase [0.06ms]
(pass) parseArgs > isolation options > should throw error for missing backend argument [0.21ms]
(pass) parseArgs > attached and detached modes > should parse --attached flag [1.76ms]
(pass) parseArgs > attached and detached modes > should parse -a shorthand [0.30ms]
(pass) parseArgs > attached and detached modes > should parse --detached flag [0.16ms]
(pass) parseArgs > attached and detached modes > should parse -d shorthand [0.09ms]
(pass) parseArgs > attached and detached modes > should throw error when both --attached and --detached are set [0.30ms]
(pass) parseArgs > attached and detached modes > should provide helpful error message for mode conflict [0.11ms]
(pass) parseArgs > session option > should parse --session with value [0.08ms]
(pass) parseArgs > session option > should parse -s shorthand [0.09ms]
(pass) parseArgs > session option > should parse --session=value format [2.32ms]
(pass) parseArgs > session option > should throw error for session without isolation [0.40ms]
(pass) parseArgs > docker image option > should parse --image with value [0.11ms]
(pass) parseArgs > docker image option > should parse --image=value format [1.05ms]
(pass) parseArgs > docker image option > should use default OS-matched image for docker without --image [0.38ms]
(pass) parseArgs > docker image option > should throw error for image with non-docker backend [0.31ms]
(pass) parseArgs > SSH endpoint option > should parse --endpoint with value [0.14ms]
(pass) parseArgs > SSH endpoint option > should parse --endpoint=value format [0.16ms]
(pass) parseArgs > SSH endpoint option > should throw error for ssh without endpoint [0.21ms]
(pass) parseArgs > SSH endpoint option > should throw error for endpoint with non-ssh backend [0.92ms]
(pass) parseArgs > keep-alive option > should parse --keep-alive flag [0.16ms]
(pass) parseArgs > keep-alive option > should parse -k shorthand [0.09ms]
(pass) parseArgs > keep-alive option > should default keepAlive to false [0.04ms]
(pass) parseArgs > keep-alive option > should throw error for keep-alive without isolation [0.17ms]
(pass) parseArgs > keep-alive option > should work with detached mode [0.08ms]
(pass) parseArgs > keep-alive option > should work with docker [0.17ms]
(pass) parseArgs > command without separator > should parse command after options without separator [0.63ms]
(pass) parseArgs > command without separator > should handle mixed options and command [0.17ms]
(pass) parseArgs > backend validation > should accept valid backends [0.27ms]
(pass) parseArgs > backend validation > should throw error for invalid backend [0.77ms]
(pass) parseArgs > backend validation > should list valid backends in error message [0.28ms]
(pass) validateOptions > should pass for valid options [0.63ms]
(pass) validateOptions > should throw for attached and detached together [0.12ms]
(pass) validateOptions > should pass for docker with image [0.20ms]
(pass) generateSessionName > should generate unique session names [0.56ms]
(pass) generateSessionName > should use default prefix [0.05ms]
(pass) generateSessionName > should use custom prefix [0.08ms]
(pass) generateSessionName > should contain timestamp-like portion [0.14ms]
(pass) hasIsolation > should return true when isolated is set [0.12ms]
(pass) hasIsolation > should return false when isolated is null [0.03ms]
(pass) getEffectiveMode > should return attached by default [0.07ms]
(pass) getEffectiveMode > should return attached when explicitly set [0.06ms]
(pass) getEffectiveMode > should return detached when set [0.07ms]
(pass) VALID_BACKENDS > should include screen [0.05ms]
(pass) VALID_BACKENDS > should include tmux [0.05ms]
(pass) VALID_BACKENDS > should include docker [0.04ms]
(pass) user isolation option > should parse --isolated-user without value (auto-generated username) [0.11ms]
(pass) user isolation option > should parse --isolated-user with custom username [0.29ms]
(pass) user isolation option > should parse -u shorthand [0.09ms]
(pass) user isolation option > should parse -u with custom username [0.13ms]
(pass) user isolation option > should parse --isolated-user=value format [0.13ms]
(pass) user isolation option > should work with isolation options [0.09ms]
(pass) user isolation option > should work without isolation (standalone user isolation) [0.10ms]
(pass) user isolation option > should accept valid usernames [0.45ms]
(pass) user isolation option > should reject invalid username formats with --isolated-user=value syntax [0.28ms]
(pass) user isolation option > should not consume invalid username as argument (treats as command) [0.07ms]
(pass) user isolation option > should throw error for user with docker isolation [0.25ms]
(pass) user isolation option > should work with tmux isolation [0.09ms]
(pass) use-command-stream option > should parse --use-command-stream flag [0.04ms]
(pass) use-command-stream option > should default useCommandStream to false [0.06ms]
(pass) use-command-stream option > should work with other options [0.07ms]
(pass) use-command-stream option > should work without other options [0.06ms]
(pass) keep-user option > should parse --keep-user flag [0.05ms]
(pass) keep-user option > should default keepUser to false [0.06ms]
(pass) keep-user option > should throw error for keep-user without user [0.22ms]
(pass) keep-user option > should work with user and isolation options [0.08ms]
(pass) status option > should parse --status with UUID [0.08ms]
(pass) status option > should parse --status=value format [0.05ms]
(pass) status option > should throw error for missing UUID argument [0.09ms]
(pass) status option > should throw error for --status with -flag as next argument [0.10ms]
(pass) status option > should default status to null [0.05ms]
(pass) upload-log option > should parse --upload-log with UUID or session name [0.06ms]
(pass) upload-log option > should parse --upload-log=value format [0.07ms]
(pass) upload-log option > should throw error for missing --upload-log argument [0.09ms]
(pass) upload-log option > should throw error for empty --upload-log=value argument [0.09ms]
(pass) upload-log option > should default uploadLog to null [0.06ms]
(pass) list option > should parse --list flag [0.04ms]
(pass) list option > should parse --list with JSON output format [0.08ms]
(pass) list option > should normalize output format with --list [0.08ms]
(pass) list option > should default list to false [0.07ms]
(pass) output-format option > should parse --output-format with --status [0.21ms]
(pass) output-format option > should parse --output-format=value format [0.10ms]
(pass) output-format option > should normalize format to lowercase [0.14ms]
(pass) output-format option > should throw error for missing format argument [0.15ms]
(pass) output-format option > should throw error for invalid format [0.13ms]
(pass) output-format option > should throw error for output-format without status [0.13ms]
(pass) output-format option > should accept all valid output formats [0.21ms]
(pass) output-format option > should default outputFormat to null [0.06ms]
(pass) VALID_OUTPUT_FORMATS > should include links-notation [0.03ms]
(pass) VALID_OUTPUT_FORMATS > should include json [0.02ms]
(pass) VALID_OUTPUT_FORMATS > should include text [0.05ms]
(pass) cleanup options > should parse --cleanup flag [0.09ms]
(pass) cleanup options > should parse --cleanup-dry-run flag [0.09ms]
(pass) cleanup options > should default cleanup to false [0.04ms]

test/check-js-coverage.mjs:
(pass) check-js-coverage > parses line coverage from a real Bun text report [2.38ms]
(pass) check-js-coverage > reads the line column, not the function column [0.48ms]
(pass) check-js-coverage > ignores the uncovered-lines column when picking numbers [0.11ms]
(pass) check-js-coverage > returns null when no totals row is present [12.87ms]
(pass) check-js-coverage > fails instead of skipping when coverage cannot be determined [0.54ms]
(pass) check-js-coverage > passes when coverage meets the threshold [0.10ms]
(pass) check-js-coverage > fails when coverage is below the threshold [0.10ms]

test/ci-workflow-invariants.js:
(pass) CI workflow invariants > finds every workflow file [0.16ms]
(pass) CI workflow invariants > declares a least-privilege default permission set [0.74ms]
(pass) CI workflow invariants > gives every job a timeout [4.11ms]
(pass) CI workflow invariants > never puts concurrency at workflow level [2.66ms]
(pass) CI workflow invariants > gives every job its own concurrency group [1.86ms]
(pass) CI workflow invariants > makes writers non-cancellable and read-only checks cancellable [1.79ms]
(pass) CI workflow invariants > uses !cancelled() rather than always() outside the status job [1.28ms]
(pass) CI workflow invariants > aggregates every job into a pipeline-status gate [2.54ms]
(pass) CI workflow invariants > configures git before checkout so no init hints are printed [0.48ms]
(pass) CI workflow invariants > never swallows a failing command in a quality gate [3.80ms]
(pass) CI workflow invariants > references only helper scripts that exist [3.38ms]
(pass) CI workflow invariants > parses coverage through the tested helper, not an inline grep [0.43ms]

test/cli.js:
(pass) CLI version flag > should display version with --version [390.22ms]
(pass) CLI version flag > should display version with -v [405.27ms]
(pass) CLI version flag > should show correct package version [542.58ms]
(pass) CLI basic behavior > should show usage when no arguments provided [519.74ms]
(pass) CLI basic behavior > should show usage when no command provided after -- [492.93ms]
(pass) CLI isolation output (issue #67) > should display screen session name when using screen isolation [668.63ms]
  Skipping: tmux not installed
(pass) CLI isolation output (issue #67) > should display tmux session name when using tmux isolation [11.17ms]
(pass) CLI isolation output (issue #67) > should display docker container name when using docker isolation [11945.84ms]

test/command-builder-docker-cleanup.js:
(pass) command-builder docker cleanup forwarding > forwards cleanup policy flags when a remaining level uses docker [0.96ms]
(pass) command-builder docker cleanup forwarding > does not forward docker cleanup flags after the docker level is consumed [0.13ms]

test/create-github-release.mjs:
(pass) create-github-release script > treats an existing GitHub release as an idempotent skip [326.18ms]
(pass) create-github-release script > fails when gh api returns an unexpected error [309.25ms]

test/docker-autoremove.js:
(pass) Docker Container Cleanup Policy > cleanup decisions > should keep abnormal containers under the default policy [2.93ms]
(pass) Docker Container Cleanup Policy > cleanup decisions > should keep OOM-killed containers with keepContainerOnFail [0.22ms]
(pass) Docker Container Cleanup Policy > cleanup decisions > should honor explicit always-cleanup policy [0.07ms]
(pass) Docker Container Cleanup Policy > cleanup decisions > should make the detached watcher inspect OOMKilled before default cleanup [0.96ms]
$ echo "test" && sleep 0.5

  ✓ Docker container auto-removed after exit (filesystem not preserved)
(pass) Docker Container Cleanup Policy > auto-remove enabled > should automatically remove container when autoRemoveDockerContainer is true [9196.79ms]
$ echo "test" && sleep 0.1

(pass) Docker Container Cleanup Policy > default cleanup > should remove container filesystem by default [9942.88ms]
$ echo "test" && sleep 0.1

(pass) Docker Container Cleanup Policy > keep-container opt-out > should preserve container filesystem when keepContainer is true [7579.82ms]
$ echo "test" && exit 7

(pass) Docker Container Cleanup Policy > keep-container opt-out > should preserve failed containers when keepContainerOnFail is true [4328.76ms]
$ printf 'attached-log-line\n'

attached-log-line
(pass) Docker Container Cleanup Policy > attached mode logging > should write attached docker output to the provided host log path [4638.45ms]

test/docker-network-integration.js:
(pass) Docker named network integration > keeps the multi-network probe hermetic [0.62ms]
$ ping -c 1 formal-ai && ping -c 1 formal-db && ip route | grep -q '^default '

$ ping -c 1 formal-ai

ping: bad address 'formal-ai'
(pass) Docker named network integration > reaches a private sidecar on each of two networks [3497.49ms]
$ echo should-not-run

$ echo should-not-run

$ echo should-not-run

docker: Error response from daemon: failed to set up container networking: network start-network-82c426d3-absent not found

Run 'docker run --help' for more information
$ echo should-not-run

(pass) Docker named network integration > fails for a missing network without orphaning a container [4320.78ms]

test/docker-network-lifecycle.js:
(pass) docker network lifecycle helpers > returns an empty list when no network is requested [0.41ms]
(pass) docker network lifecycle helpers > wraps a single network into a list [0.10ms]
(pass) docker network lifecycle helpers > prefers the explicit networks list over the single network [0.09ms]
(pass) docker network lifecycle helpers > ignores an empty networks list and falls back to network [0.06ms]
(pass) docker network lifecycle helpers > keeps verbose output switched off by default [0.19ms]

test/docker-runtime-options.js:
(pass) Docker runtime options parsing > should parse repeatable --volume and -v [1.48ms]
(pass) Docker runtime options parsing > should parse --volume=value and -v=value [0.40ms]
(pass) Docker runtime options parsing > should parse repeatable --mount [0.15ms]
(pass) Docker runtime options parsing > should parse repeatable --env and -e [0.15ms]
(pass) Docker runtime options parsing > should parse --privileged [0.11ms]
(pass) Docker runtime options parsing > should parse repeatable --network forms without consuming child args [0.31ms]
(pass) Docker runtime options parsing > should parse repeatable --network-alias value and equals forms [0.14ms]
(pass) Docker runtime options parsing > should default runtime options to empty/false [0.19ms]
(pass) Docker runtime options parsing > should throw when --volume requires an argument [0.66ms]
(pass) Docker runtime options parsing > should throw when --env requires an argument [0.25ms]
(pass) Docker runtime options validation > should reject --volume with non-docker backend [0.19ms]
(pass) Docker runtime options validation > should reject --mount without isolation [0.21ms]
(pass) Docker runtime options validation > should reject --env with non-docker backend [0.23ms]
(pass) Docker runtime options validation > should reject --privileged without docker [0.16ms]
(pass) Docker runtime options validation > should reject network options without docker [0.40ms]
(pass) Docker runtime options validation > should accept runtime options when stack includes docker [0.48ms]
(pass) buildDockerRuntimeArgs > should build empty args by default [0.07ms]
(pass) buildDockerRuntimeArgs > should add --privileged first [0.24ms]
(pass) buildDockerRuntimeArgs > should expand env, volumes, and mounts in order [0.49ms]
(pass) buildDockerRuntimeStatusLines > should return no lines for empty options [0.33ms]
(pass) buildDockerRuntimeStatusLines > should format volumes, mounts, env, and privileged lines [0.12ms]
(pass) buildDockerRuntimeStatusLines > should join multiple volumes with a comma [0.07ms]
(pass) buildDockerRuntimeMetadata > should null out empty collections and falsy privileged [0.18ms]
(pass) buildDockerRuntimeMetadata > should pass through populated collections and privileged [0.07ms]

test/echo-integration.js:
=== Echo Integration Tests - Issue #55 ===
Testing that "echo hi" works correctly across all isolation modes
Coverage: No isolation, Screen (attached/detached), Tmux (attached/detached), Docker (attached/detached)

  ✓ No isolation mode: echo hi works correctly
(pass) Echo Integration Tests - Issue #55 > No Isolation Mode (Direct Execution) > should execute echo hi and show output with proper formatting [137.73ms]
  ✓ No isolation mode: echo with single quotes works
(pass) Echo Integration Tests - Issue #55 > No Isolation Mode (Direct Execution) > should execute echo with single quotes [118.70ms]
  ✓ No isolation mode: echo with double quotes works
(pass) Echo Integration Tests - Issue #55 > No Isolation Mode (Direct Execution) > should execute echo with double quotes [125.04ms]
  ✓ Empty line formatting is consistent
(pass) Echo Integration Tests - Issue #55 > No Isolation Mode (Direct Execution) > should have consistent empty line formatting [140.39ms]
  ✓ Screen isolation (attached): echo hi works correctly
(pass) Echo Integration Tests - Issue #55 > Screen Isolation Mode > Attached Mode > should execute echo hi in attached screen mode with proper formatting [283.78ms]
  ✓ Screen isolation (attached): echo with quotes works
(pass) Echo Integration Tests - Issue #55 > Screen Isolation Mode > Attached Mode > should execute echo with quotes in attached screen mode [282.55ms]
  ✓ Screen isolation (attached): finish block displays correctly
(pass) Echo Integration Tests - Issue #55 > Screen Isolation Mode > Attached Mode > should show exit code and finish block in attached screen mode [278.00ms]
  ✓ Screen isolation (detached): echo hi starts correctly
(pass) Echo Integration Tests - Issue #55 > Screen Isolation Mode > Detached Mode > should execute echo hi in detached screen mode [176.71ms]
  ✓ Screen isolation (detached): session name displayed for reattaching
(pass) Echo Integration Tests - Issue #55 > Screen Isolation Mode > Detached Mode > should show session name in detached screen mode for reattaching [217.80ms]
  ⚠ tmux not installed, skipping tmux tests
(pass) Echo Integration Tests - Issue #55 > Tmux Isolation Mode > should skip tmux tests when tmux is not installed [0.18ms]
  ⚠ no TTY available, skipping attached docker tests
(pass) Echo Integration Tests - Issue #55 > Docker Isolation Mode > Attached Mode > should skip attached docker tests when no TTY is available [0.04ms]
  ✓ Docker isolation (detached): echo hi starts correctly
(pass) Echo Integration Tests - Issue #55 > Docker Isolation Mode > Detached Mode > should execute echo hi in detached docker mode [3654.20ms]
  ✓ Docker isolation (detached): session/container name displayed for reattaching
(pass) Echo Integration Tests - Issue #55 > Docker Isolation Mode > Detached Mode > should show session/container name in detached docker mode for reattaching [2740.24ms]
  ✓ Docker isolation (detached): echo with quotes works
(pass) Echo Integration Tests - Issue #55 > Docker Isolation Mode > Detached Mode > should execute echo with quotes in detached docker mode [3470.01ms]
  ✓ Log paths are not truncated
(pass) Echo Integration Tests - Issue #55 > Output Block Formatting > should not truncate long log paths [155.61ms]
  ✓ Session IDs are complete UUIDs in both blocks
(pass) Echo Integration Tests - Issue #55 > Output Block Formatting > should show full session ID in both start and finish blocks [214.93ms]
  ✓ Exit code formatting is consistent
(pass) Echo Integration Tests - Issue #55 > Output Block Formatting > should have consistent exit code formatting [134.55ms]
  ✓ Timing information is present in finish block
(pass) Echo Integration Tests - Issue #55 > Output Block Formatting > should include timing information in finish block [157.72ms]

test/execution-control.js:
(pass) execution control > should map screen stop to CTRL+C injection [1.07ms]
(pass) execution control > should send stop command to a detached screen session [54.59ms]
(pass) execution control > should stop a detached docker container with docker stop [6.47ms]
(pass) execution control > should send docker terminate through docker kill [2.60ms]
(pass) execution control > should reject non-detached records [2.00ms]
(pass) process id collection > should parse a GNU Screen process id from screen -ls output [7.35ms]
(pass) process id collection > should collect wrapper, screen, and descendant process IDs [0.43ms]

test/execution-store.js:
=== Execution Store Unit Tests ===
(pass) ExecutionRecord > should create a new execution record with default values [0.56ms]
(pass) ExecutionRecord > should create a new execution record with custom values [0.30ms]
(pass) ExecutionRecord > should mark execution as completed [0.18ms]
(pass) ExecutionRecord > should convert to plain object and back [0.10ms]
(pass) LockManager > should acquire and release a lock [1.04ms]
(pass) LockManager > should fail to acquire lock if already held by another process [1.14ms]
(pass) LockManager > should detect stale locks [0.42ms]
(pass) ExecutionStore > should create app folder on initialization [0.33ms]
(pass) ExecutionStore > should save and retrieve an execution record [1.73ms]
(pass) ExecutionStore > should update an existing record [7.15ms]
(pass) ExecutionStore > should get all records [5.34ms]
(pass) ExecutionStore > should get records by status [17.82ms]
(pass) ExecutionStore > should get recent records [6.15ms]
(pass) ExecutionStore > should delete a record [4.95ms]
(pass) ExecutionStore > should return false when deleting non-existent record [0.61ms]
(pass) ExecutionStore > should clear all records [7.84ms]
(pass) ExecutionStore > should get statistics [11.38ms]
(pass) ExecutionStore > should handle concurrent saves with locking [60.27ms]
(pass) ExecutionStore > should persist data to lino file [1.33ms]
(pass) isClinkInstalled > should return a boolean [0.98ms]
(pass) ExecutionStore with lino-objects-codec > should properly encode and decode complex options [5.49ms]
(pass) ExecutionStore with lino-objects-codec > should handle special characters in command [2.30ms]
(pass) ExecutionStore with lino-objects-codec > should handle unicode characters [1.92ms]
(pass) ExecutionStore verifyConsistency > should report consistency status for lino-only store [4.19ms]
(pass) ExecutionStore cleanupStale > should return empty result when no stale records exist [2.72ms]
(pass) ExecutionStore cleanupStale > should detect stale records with non-existent PIDs [2.57ms]
(pass) ExecutionStore cleanupStale > should detect stale records that exceed max age [2.63ms]
(pass) ExecutionStore cleanupStale > should not detect records within max age as stale [3.60ms]
(pass) ExecutionStore cleanupStale > should clean up stale records when dryRun is false [8.48ms]
(pass) ExecutionStore cleanupStale > should handle custom max age [1.93ms]

test/failure-handler.js:
(pass) failure-handler > parseGitUrl > should parse HTTPS GitHub URL [0.38ms]
(pass) failure-handler > parseGitUrl > should parse HTTPS URL with .git suffix [0.17ms]
(pass) failure-handler > parseGitUrl > should parse SSH git@ URL [0.13ms]
(pass) failure-handler > parseGitUrl > should parse git+https URL format [0.05ms]
(pass) failure-handler > parseGitUrl > should return null for empty string [0.03ms]
(pass) failure-handler > parseGitUrl > should return null for null/undefined input [0.04ms]
(pass) failure-handler > parseGitUrl > should return null for non-github URL [0.03ms]
(pass) failure-handler > parseGitUrl > should return null for invalid/random string [0.03ms]
(pass) failure-handler > parseGitUrl > should normalize URL to https://github.com format [0.04ms]
(pass) failure-handler > parseGitUrl > should handle URL with subdirectory (only owner/repo captured) [0.08ms]
(pass) failure-handler > parseGitUrl > should return object with owner, repo, url keys [0.11ms]

(pass) failure-handler > handleFailure > should return early when disableAutoIssue is true [0.79ms]

Auto-issue creation disabled via START_DISABLE_AUTO_ISSUE
(pass) failure-handler > handleFailure > should return early when disableAutoIssue is true (verbose mode) [2.25ms]

test/isolation-cleanup.js:
  ✓ Screen session auto-exited (no sessions found in screen -ls)
(pass) Isolation Resource Cleanup Verification > screen resource cleanup > should not list screen session after command completes (auto-exit by default) [232.76ms]
  ✓ Screen session kept alive as expected with --keep-alive
(pass) Isolation Resource Cleanup Verification > screen resource cleanup > should keep screen session alive when keepAlive is true [1098.62ms]
  Skipping: tmux not installed
(pass) Isolation Resource Cleanup Verification > tmux resource cleanup > should not list tmux session after command completes (auto-exit by default) [8.87ms]
  Skipping: tmux not installed
(pass) Isolation Resource Cleanup Verification > tmux resource cleanup > should keep tmux session alive when keepAlive is true [5.19ms]
$ echo "test" && sleep 0.1

  ✓ Docker container auto-exited and stopped (resources released, filesystem preserved)
(pass) Isolation Resource Cleanup Verification > docker resource cleanup > should show docker container as exited after command completes (auto-exit by default) [3712.09ms]
$ echo "test"

  ✓ Docker container kept running as expected with --keep-alive
(pass) Isolation Resource Cleanup Verification > docker resource cleanup > should keep docker container running when keepAlive is true [3960.99ms]

test/isolation-log-utils.js:
(pass) isolation-log-utils > getTimestamp > should return a non-empty string [0.18ms]
(pass) isolation-log-utils > getTimestamp > should return a timestamp without T or Z (ISO-like but space-separated) [0.09ms]
(pass) isolation-log-utils > getTimestamp > should contain date-like content (numbers and dashes) [0.11ms]
(pass) isolation-log-utils > getTimestamp > should return different values on successive calls (or same within same ms) [0.06ms]
(pass) isolation-log-utils > generateLogFilename > should return a string ending with .log [0.13ms]
(pass) isolation-log-utils > generateLogFilename > should include the environment name in the filename [0.04ms]
(pass) isolation-log-utils > generateLogFilename > should start with "start-command-" [0.04ms]
(pass) isolation-log-utils > generateLogFilename > should generate unique filenames on successive calls [0.03ms]
(pass) isolation-log-utils > generateLogFilename > should handle different environment names [0.14ms]
(pass) isolation-log-utils > createLogHeader > should return a non-empty string [0.18ms]
(pass) isolation-log-utils > createLogHeader > should include the command in the header [0.05ms]
(pass) isolation-log-utils > createLogHeader > should include the environment in the header [0.05ms]
(pass) isolation-log-utils > createLogHeader > should include the session name in the header [0.03ms]
(pass) isolation-log-utils > createLogHeader > should include the mode in the header [0.05ms]
(pass) isolation-log-utils > createLogHeader > should include image field when provided [0.09ms]
(pass) isolation-log-utils > createLogHeader > should include user field when provided [0.04ms]
(pass) isolation-log-utils > createLogHeader > should NOT include Image line when image is not provided [0.04ms]
(pass) isolation-log-utils > createLogHeader > should contain separator line [0.04ms]
(pass) isolation-log-utils > createLogFooter > should return a non-empty string [0.05ms]
(pass) isolation-log-utils > createLogFooter > should include the exit code [0.06ms]
(pass) isolation-log-utils > createLogFooter > should include exit code 0 [0.06ms]
(pass) isolation-log-utils > createLogFooter > should include the end time [0.03ms]
(pass) isolation-log-utils > createLogFooter > should contain separator line [0.04ms]
(pass) isolation-log-utils > getLogDir > should return a string [0.11ms]
(pass) isolation-log-utils > getLogDir > should return a non-empty path [0.03ms]
(pass) isolation-log-utils > getLogDir > should use START_LOG_DIR env var when set [0.06ms]
(pass) isolation-log-utils > getLogDir > should fall back to /tmp/start-command/logs when START_LOG_DIR is not set [0.05ms]
(pass) isolation-log-utils > createLogPath > should return a string ending with .log [0.09ms]
(pass) isolation-log-utils > createLogPath > should return an absolute path [0.05ms]
(pass) isolation-log-utils > createLogPath > should include the environment name [0.04ms]
(pass) isolation-log-utils > createLogPath > should be under the log directory [0.04ms]
(pass) isolation-log-utils > createLogPath > should create stable isolation log path when execution id is provided [0.03ms]
(pass) isolation-log-utils > createLogPath > should create stable direct log path without duplicated environment segment [0.03ms]

test/isolation-stacking.js:
(pass) Isolation Stacking - Args Parser > parseArgs with stacked --isolated > should parse single isolation (backward compatible) [1.99ms]
(pass) Isolation Stacking - Args Parser > parseArgs with stacked --isolated > should parse multi-level isolation [0.46ms]
(pass) Isolation Stacking - Args Parser > parseArgs with stacked --isolated > should parse 5-level isolation [0.17ms]
(pass) Isolation Stacking - Args Parser > parseArgs with stacked --isolated > should parse --isolated=value syntax [0.13ms]
(pass) Isolation Stacking - Args Parser > parseArgs with stacked --image > should parse single image (backward compatible) [0.11ms]
(pass) Isolation Stacking - Args Parser > parseArgs with stacked --image > should parse image sequence with placeholders [0.08ms]
(pass) Isolation Stacking - Args Parser > parseArgs with stacked --image > should parse --image=value syntax [0.11ms]
(pass) Isolation Stacking - Args Parser > parseArgs with stacked --endpoint > should parse single endpoint (backward compatible) [0.09ms]
(pass) Isolation Stacking - Args Parser > parseArgs with stacked --endpoint > should parse endpoint sequence with placeholders [0.14ms]
(pass) Isolation Stacking - Args Parser > hasStackedIsolation > should return true for multi-level [0.24ms]
(pass) Isolation Stacking - Args Parser > hasStackedIsolation > should return false for single level [0.14ms]
(pass) Isolation Stacking - Args Parser > hasStackedIsolation > should return false for no isolation [0.09ms]
(pass) Isolation Stacking - Validation > validateOptions > should validate single backend (backward compatible) [1.86ms]
(pass) Isolation Stacking - Validation > validateOptions > should validate multi-level stack [0.50ms]
(pass) Isolation Stacking - Validation > validateOptions > should throw on invalid backend in stack [0.29ms]
(pass) Isolation Stacking - Validation > validateOptions > should throw on missing SSH endpoint [0.21ms]
(pass) Isolation Stacking - Validation > validateOptions > should throw on image/stack length mismatch [0.12ms]
(pass) Isolation Stacking - Validation > validateOptions > should throw on depth exceeding limit [0.10ms]
(pass) Isolation Stacking - Validation > validateOptions > should distribute single image to all levels [0.12ms]
(pass) Isolation Stacking - Validation > validateOptions > should apply default docker image for each docker level [0.17ms]
(pass) Isolation Stacking - Validation > validateOptions > should throw if image provided but no docker in stack [0.12ms]
(pass) Isolation Stacking - Validation > validateOptions > should throw if endpoint provided but no ssh in stack [0.14ms]
(pass) Isolation Stacking - Backward Compatibility > should work with existing docker command [0.12ms]
(pass) Isolation Stacking - Backward Compatibility > should work with existing ssh command [0.09ms]
(pass) Isolation Stacking - Backward Compatibility > should work with existing screen command [0.11ms]
(pass) Isolation Stacking - Backward Compatibility > should work with -i shorthand [0.06ms]
(pass) Isolation Stacking - Backward Compatibility > should work with attached mode [0.05ms]
(pass) Isolation Stacking - Backward Compatibility > should work with session name [0.04ms]
(pass) Isolation Stacking - Backward Compatibility > should work with session-id [0.20ms]

test/isolation.js:
(pass) Isolation Module > wrapCommandWithUser > should return command unchanged when user is null [0.08ms]
(pass) Isolation Module > wrapCommandWithUser > should wrap command with sudo when user is specified [0.11ms]
(pass) Isolation Module > wrapCommandWithUser > should escape single quotes in command [0.06ms]
(pass) Isolation Module > wrapCommandWithUser > should use non-interactive sudo [0.03ms]
(pass) Isolation Module > isCommandAvailable > should return true for common commands (echo) [7.41ms]
(pass) Isolation Module > isCommandAvailable > should return true for node [8.19ms]
(pass) Isolation Module > isCommandAvailable > should return false for non-existent command [9.93ms]
(pass) Isolation Module > isCommandAvailable > should return false for empty command [7.33ms]
(pass) Isolation Module > hasTTY > should return a boolean [0.22ms]
  hasTTY: false
(pass) Isolation Module > hasTTY > should return false when running in test environment (no TTY) [0.11ms]
  screen available: true
(pass) Isolation Module > isolation environment checks > should check if screen is available [8.66ms]
  tmux available: false
(pass) Isolation Module > isolation environment checks > should check if tmux is available [9.24ms]
  docker available: true
(pass) Isolation Module > isolation environment checks > should check if docker is available [7.93ms]
  ssh available: true
(pass) Isolation Module > isolation environment checks > should check if ssh is available [12.49ms]
  Detected screen version: 4.9.1
(pass) Isolation Module > getScreenVersion > should return version object or null [25.22ms]
(pass) Isolation Module > getScreenVersion > should cache the version result [21.08ms]
  supportsLogfileOption: true
(pass) Isolation Module > supportsLogfileOption > should return boolean [23.31ms]
  Version 4.9.1: -Logfile supported = true
(pass) Isolation Module > supportsLogfileOption > should return true for screen >= 4.5.1 [23.07ms]
  Skipping: screen is installed
(pass) Isolation Runner Error Handling > runInScreen > should return informative error if screen is not installed [7.43ms]
(pass) Isolation Runner Error Handling > runInTmux > should return informative error if tmux is not installed [10.44ms]
  Skipping: docker is installed
(pass) Isolation Runner Error Handling > runInDocker > should return informative error if docker is not installed [5.35ms]
(pass) Isolation Runner Error Handling > runInDocker > should require image option [230.07ms]
  Skipping: ssh is installed
(pass) Isolation Runner Error Handling > runInSsh > should return informative error if ssh is not installed [6.94ms]
(pass) Isolation Runner Error Handling > runInSsh > should require endpoint option [7.46ms]
(pass) Isolation Keep-Alive Behavior > runInScreen keep-alive messages > should include auto-exit message by default in detached mode [52.52ms]
(pass) Isolation Keep-Alive Behavior > runInScreen keep-alive messages > should include keep-alive message when keepAlive is true [50.75ms]
  Skipping: tmux not installed
(pass) Isolation Keep-Alive Behavior > runInTmux keep-alive messages > should include auto-exit message by default in detached mode [6.22ms]
  Skipping: tmux not installed
(pass) Isolation Keep-Alive Behavior > runInTmux keep-alive messages > should include keep-alive message when keepAlive is true [4.46ms]
$ echo test

(pass) Isolation Keep-Alive Behavior > runInDocker keep-alive messages > should include auto-exit message by default in detached mode [2877.92ms]
$ echo test

(pass) Isolation Keep-Alive Behavior > runInDocker keep-alive messages > should include keep-alive message when keepAlive is true [3500.03ms]
  Skipping: tmux not installed
(pass) Isolation Runner with Available Backends > runInTmux (if available) > should run command in detached tmux session [8.52ms]
(pass) Isolation Runner with Available Backends > runIsolated dispatcher > should dispatch to correct backend [0.58ms]
$ echo test

test
(pass) Isolation Runner with Available Backends > runIsolated dispatcher > should pass options to backend [2885.23ms]
(pass) Default Docker Image Detection > getDefaultDockerImage > should return a valid Docker image string [0.39ms]
(pass) Default Docker Image Detection > getDefaultDockerImage > should return an image with a tag [0.89ms]
(pass) Default Docker Image Detection > getDefaultDockerImage > should return a known base image [0.14ms]
(pass) detectShellInEnvironment > should return the forced shell when shellPreference is not auto [0.07ms]
(pass) detectShellInEnvironment > should return zsh when shellPreference is zsh [0.05ms]
(pass) detectShellInEnvironment > should return sh when shellPreference is sh [0.41ms]
(pass) detectShellInEnvironment > should return sh fallback when docker image is not provided [0.16ms]
(pass) detectShellInEnvironment > should return sh fallback when ssh endpoint is not provided [0.04ms]
(pass) detectShellInEnvironment > should return sh fallback for unknown environment [0.03ms]
  Detected shell in alpine:latest: /bin/sh
(pass) detectShellInEnvironment > should auto-detect shell in docker if docker is available [1878.62ms]
(pass) detectShellInEnvironment > should read shell preference from options.shell [0.60ms]
$ echo test

  runInDocker with --shell sh result: true
(pass) Shell option forwarding to isolation runners > runInDocker shell option > should accept shell option in options object [663.26ms]
(pass) Shell option forwarding to isolation runners > runInSsh shell option > should accept shell option in options object [6.57ms]
(pass) Shell option forwarding to isolation runners > runInSsh shell option > should use auto mode when shell option is auto [6.92ms]
(pass) isInteractiveShellCommand (issue #84) > should return true for "bash" [0.33ms]
(pass) isInteractiveShellCommand (issue #84) > should return true for "zsh" [0.06ms]
(pass) isInteractiveShellCommand (issue #84) > should return true for "sh" [0.07ms]
(pass) isInteractiveShellCommand (issue #84) > should return true for "/bin/bash" [0.04ms]
(pass) isInteractiveShellCommand (issue #84) > should return true for "/usr/bin/zsh" [0.05ms]
(pass) isInteractiveShellCommand (issue #84) > should return true for "bash -l" (login flag, no -c) [0.04ms]
(pass) isInteractiveShellCommand (issue #84) > should return false for "bash -c echo" [0.04ms]
(pass) isInteractiveShellCommand (issue #84) > should return false for "bash -c 'echo hi'" [0.04ms]
(pass) isInteractiveShellCommand (issue #84) > should return false for "npm test" [0.04ms]
(pass) isInteractiveShellCommand (issue #84) > should return false for "echo hello" [0.05ms]
(pass) isInteractiveShellCommand (issue #84) > should return false for "ls -la" [0.04ms]
(pass) isInteractiveShellCommand (issue #84) > should return false for empty string [0.06ms]
(pass) isInteractiveShellCommand (issue #84) > should return false for "  " [0.03ms]

test/merge-changesets.mjs:
Working directory: /tmp/merge-changesets-JUDgl1
Changeset directory: /tmp/merge-changesets-JUDgl1/.changeset
Package name: start-command
Found 0 changeset file(s)
No merging needed (0 or 1 changeset found)
(pass) mergeChangesetsIn > does nothing with zero changesets [6.71ms]
Working directory: /tmp/merge-changesets-r5LyGC
Changeset directory: /tmp/merge-changesets-r5LyGC/.changeset
Package name: start-command
Found 1 changeset file(s)
No merging needed (0 or 1 changeset found)
(pass) mergeChangesetsIn > does nothing with a single changeset [3.99ms]
Working directory: /tmp/merge-changesets-ysbDqD
Changeset directory: /tmp/merge-changesets-ysbDqD/.changeset
Package name: start-command
Found 2 changeset file(s)
Multiple changesets found, merging...
  - a.md
  - b.md

Merge summary:
  Bump types found: patch, minor
  Using highest: minor
  Descriptions to merge: 2

Created merged changeset: merged-nice-apple.md

Removing original changeset files:
  Removed: a.md
  Removed: b.md

Changeset merge completed successfully

Merged changeset content:
---
'start-command': minor
---

Fix A

Feature B

(pass) mergeChangesetsIn > merges multiple changesets into a single file with the highest bump [4.26ms]
Working directory: /tmp/merge-changesets-zpMaij
Changeset directory: /tmp/merge-changesets-zpMaij/.changeset
Package name: start-command
Found 3 changeset file(s)
Multiple changesets found, merging...
  - c.md
  - a.md
  - b.md

Merge summary:
  Bump types found: minor, patch, major
  Using highest: major
  Descriptions to merge: 3

Created merged changeset: merged-young-car.md

Removing original changeset files:
  Removed: c.md
  Removed: a.md
  Removed: b.md

Changeset merge completed successfully

Merged changeset content:
---
'start-command': major
---

Feat

Fix

Breaking

(pass) mergeChangesetsIn > chooses major over minor and patch [1.62ms]
Working directory: /tmp/merge-changesets-other-qHpuje
Changeset directory: /tmp/merge-changesets-other-qHpuje/.changeset
Package name: some-other-pkg
Found 2 changeset file(s)
Multiple changesets found, merging...
  - a.md
  - b.md

Merge summary:
  Bump types found: minor, patch
  Using highest: minor
  Descriptions to merge: 2

Created merged changeset: merged-proud-grass.md

Removing original changeset files:
  Removed: a.md
  Removed: b.md

Changeset merge completed successfully

Merged changeset content:
---
'some-other-pkg': minor
---

A

B

(pass) mergeChangesetsIn > reads package name from package.json (no hardcoded placeholder) [2.56ms]
(pass) mergeChangesetsIn > throws when .changeset directory is missing [1.43ms]

test/output-blocks.js:
=== Output Blocks Unit Tests ===
(pass) output-blocks module > timeline format constants > should export timeline marker character [0.05ms]
(pass) output-blocks module > timeline format constants > should export spine as alias for backward compatibility [0.02ms]
(pass) output-blocks module > timeline format constants > should export result markers [0.03ms]
(pass) output-blocks module > createTimelineLine > should create a line with timeline marker prefix and padded label [0.15ms]
(pass) output-blocks module > createTimelineLine > should pad labels to 10 characters [0.06ms]
(pass) output-blocks module > createSpineLine (deprecated alias) > should work as alias for createTimelineLine [0.04ms]
(pass) output-blocks module > createEmptyTimelineLine > should create just the timeline marker character [0.03ms]
(pass) output-blocks module > createEmptySpineLine (deprecated alias) > should work as alias for createEmptyTimelineLine [0.02ms]
(pass) output-blocks module > createCommandLine > should create a line with $ prefix [0.02ms]
(pass) output-blocks module > getResultMarker > should return success marker for exit code 0 [0.11ms]
(pass) output-blocks module > getResultMarker > should return failure marker for non-zero exit codes [0.05ms]
(pass) output-blocks module > parseIsolationMetadata > should parse environment and mode [0.36ms]
(pass) output-blocks module > parseIsolationMetadata > should parse session name [0.09ms]
(pass) output-blocks module > parseIsolationMetadata > should parse docker image [0.06ms]
(pass) output-blocks module > parseIsolationMetadata > should parse all fields together [0.10ms]
(pass) output-blocks module > generateIsolationLines > should generate lines for docker isolation [0.23ms]
(pass) output-blocks module > generateIsolationLines > should generate lines for screen isolation [0.07ms]
(pass) output-blocks module > createStartBlock > should create a start block with session and timestamp [0.14ms]
(pass) output-blocks module > createStartBlock > should include empty spine line before command [0.05ms]
(pass) output-blocks module > createStartBlock > should include isolation metadata when provided [0.07ms]
(pass) output-blocks module > createStartBlock > should include docker metadata correctly [0.05ms]
(pass) output-blocks module > createFinishBlock > should create a finish block with result marker and metadata [0.18ms]
(pass) output-blocks module > createFinishBlock > should use failure marker for non-zero exit code [0.15ms]
(pass) output-blocks module > createFinishBlock > should omit duration when not provided [0.06ms]
(pass) output-blocks module > createFinishBlock > should repeat isolation metadata in footer [0.12ms]
(pass) output-blocks module > createFinishBlock > should have log and session as the last two lines [0.18ms]
(pass) output-blocks module > formatDuration > should format very small durations [0.02ms]
(pass) output-blocks module > formatDuration > should format millisecond durations [0.04ms]
(pass) output-blocks module > formatDuration > should format second durations [0.02ms]
(pass) output-blocks module > formatDuration > should format longer durations with less precision [0.02ms]
(pass) output-blocks module > escapeForLinksNotation > should not quote simple values [0.06ms]
(pass) output-blocks module > escapeForLinksNotation > should quote values with spaces [0.04ms]
(pass) output-blocks module > escapeForLinksNotation > should quote values with colons [0.03ms]
(pass) output-blocks module > escapeForLinksNotation > should use single quotes for values with double quotes [0.03ms]
(pass) output-blocks module > escapeForLinksNotation > should use double quotes for values with single quotes [0.02ms]
(pass) output-blocks module > escapeForLinksNotation > should escape quotes when both types are present [0.14ms]
(pass) output-blocks module > escapeForLinksNotation > should handle null values [0.04ms]
(pass) output-blocks module > formatAsNestedLinksNotation > should format simple objects [0.11ms]
(pass) output-blocks module > formatAsNestedLinksNotation > should quote values with spaces [0.05ms]
(pass) output-blocks module > formatAsNestedLinksNotation > should handle empty objects [0.09ms]
(pass) output-blocks module > formatAsNestedLinksNotation > should handle null [0.03ms]
(pass) output-blocks module > formatAsNestedLinksNotation > should indent nested arrays under their parent key [0.10ms]
(pass) output-blocks module > Virtual Command API > createVirtualCommandBlock > should create a command line for virtual commands [0.06ms]
(pass) output-blocks module > Virtual Command API > createVirtualCommandBlock > should behave like createCommandLine [0.04ms]
(pass) output-blocks module > Virtual Command API > createVirtualCommandResult > should return success marker for true [0.04ms]
(pass) output-blocks module > Virtual Command API > createVirtualCommandResult > should return failure marker for false [0.01ms]
(pass) output-blocks module > Virtual Command API > createTimelineSeparator > should create an empty timeline line [0.03ms]
(pass) output-blocks module > Virtual Command API > createTimelineSeparator > should behave like createEmptyTimelineLine [0.02ms]
(pass) output-blocks module > createStartBlock with deferCommand > should include command line by default [0.06ms]
(pass) output-blocks module > createStartBlock with deferCommand > should omit command line when deferCommand is true [0.07ms]
(pass) output-blocks module > createStartBlock with deferCommand > should end with empty timeline line when deferCommand is true (issue #73) [0.12ms]
(pass) output-blocks module > Visual Continuity (issue #73) > virtual command block should be followed by empty line for visual separation [0.04ms]
(pass) output-blocks module > Visual Continuity (issue #73) > timeline separator should be empty timeline line for visual structure [0.03ms]
(pass) output-blocks module > Visual Continuity (issue #73) > start block with docker isolation should end cleanly for virtual commands [0.07ms]
(pass) output-blocks module > Visual Continuity (issue #73) > output formatting follows visual continuity pattern [0.05ms]

test/public-exports.js:
(pass) Public Exports > execution-store export > should export ExecutionStore class [0.18ms]
(pass) Public Exports > execution-store export > should export ExecutionRecord class [0.05ms]
(pass) Public Exports > execution-store export > should export ExecutionStatus enum [0.05ms]
(pass) Public Exports > execution-store export > should export LockManager class [0.03ms]
(pass) Public Exports > execution-store export > should export isClinkInstalled function [0.04ms]
(pass) Public Exports > execution-store export > should export configuration constants [0.05ms]
(pass) Public Exports > execution-store export > should allow creating and using ExecutionStore instance [6.53ms]

test/publish-to-crates.mjs:
(pass) publish-to-crates script > reports success without a token when the version is already published [447.25ms]
(pass) publish-to-crates script > fails clearly when a missing version needs a crates token [333.72ms]
(pass) publish-to-crates script > publishes a missing version with cargo publish [334.07ms]

test/regression-138.js:
invalid reference format
(pass) docker pull is recorded in the session log (issue #138) > writes prep markers and the docker error into the log on a failed pull [193.50ms]
latest: Pulling from library/hello-world
4f55086f7dd0: Pulling fs layer
4f55086f7dd0: Download complete
4f55086f7dd0: Pull complete
Digest: sha256:7f4da0fc94bcece205a8c0b6f4d11c8196924654ffe5c4d1aa439b7f632048b2
Status: Downloaded newer image for hello-world:latest
docker.io/library/hello-world:latest
(pass) docker pull is recorded in the session log (issue #138) > tees real pull output and an "Image ready" marker into the log [2365.45ms]
invalid reference format
(pass) docker pull is recorded in the session log (issue #138) > does not write prep markers when no logPath is given (backward compat) [183.93ms]
(pass) runInDocker threads logPath into dockerPullImage (issue #138) > source passes options.logPath to dockerPullImage [0.64ms]
(pass) runInDocker threads logPath into dockerPullImage (issue #138) > dockerPullImage tees output and writes prep markers in source [0.21ms]

test/regression-150.js:
(pass) anchored log footer parsing (issue #150) > ignores an `Exit Code:` substring inside the command output [1.97ms]
(pass) anchored log footer parsing (issue #150) > ignores a bare `Exit Code:` line without the footer block around it [0.98ms]
(pass) anchored log footer parsing (issue #150) > ignores an `Exit Code:` substring in the middle of a line [0.95ms]
(pass) anchored log footer parsing (issue #150) > reads the real footer that `start` appends [0.87ms]
(pass) anchored log footer parsing (issue #150) > reads the real footer even when the output forged one earlier [0.91ms]
(pass) anchored log footer parsing (issue #150) > reads negative and multi-digit codes, and tolerates CRLF logs [0.83ms]
(pass) anchored log footer parsing (issue #150) > returns null for a log without a footer and for a missing file [0.73ms]
(pass) anchored log footer parsing (issue #150) > finds the footer at the end of a large log without reading it all [8.44ms]
(pass) anchored log footer parsing (issue #150) > drops the partial first line of the tail so it cannot be a line start [1.46ms]
(pass) detached status is not derailed by forged output (issue #150) > keeps an executing record executing when only the output claims an exit code [60.89ms]
(pass) detached status is not derailed by forged output (issue #150) > marks the record executed once the genuine footer is appended [68.23ms]

test/regression-84.js:
(pass) isInteractiveShellCommand additional cases (issue #84) > should return true for "bash --norc" [0.20ms]
(pass) isInteractiveShellCommand additional cases (issue #84) > should return true for "zsh --no-rcs" [0.04ms]
(pass) isInteractiveShellCommand additional cases (issue #84) > should return true for "bash -i" (interactive flag, no -c) [0.03ms]
(pass) isInteractiveShellCommand additional cases (issue #84) > should return true for "fish" [0.05ms]
(pass) isInteractiveShellCommand additional cases (issue #84) > should return true for "dash" [0.04ms]
(pass) isInteractiveShellCommand additional cases (issue #84) > should return true for "/usr/local/bin/bash" [0.03ms]
(pass) isInteractiveShellCommand additional cases (issue #84) > should return false for 'bash -c "echo hello"' [0.05ms]
(pass) Regression: No Shell-Inside-Shell (issue #84) > should pass "bash" with -i flag, not wrap in shell -c [0.30ms]
(pass) Regression: No Shell-Inside-Shell (issue #84) > should pass "zsh" with -i flag, not wrap in shell -c [0.11ms]
(pass) Regression: No Shell-Inside-Shell (issue #84) > should pass "sh" directly without -i (sh does not use -i flag), not wrap in shell -c [0.05ms]
(pass) Regression: No Shell-Inside-Shell (issue #84) > should pass "/bin/bash" with -i flag, not wrap in shell -c [0.09ms]
(pass) Regression: No Shell-Inside-Shell (issue #84) > should pass "bash --norc" with -i flag (workaround for broken .bashrc) [0.13ms]
(pass) Regression: No Shell-Inside-Shell (issue #84) > should pass "bash -l" directly (login shell, already has its own init) [0.05ms]
(pass) Regression: No Shell-Inside-Shell (issue #84) > should still wrap non-shell commands in shell -c (guard against over-broad fix) [0.05ms]
(pass) Regression: No Shell-Inside-Shell (issue #84) > should still wrap "npm test" in shell -c (guard against over-broad fix) [0.04ms]
(pass) Regression: No Shell-Inside-Shell (issue #84) > should not treat "bash -c something" as bare shell [0.04ms]
(pass) Regression: No Shell-Inside-Shell (issue #84) > should not duplicate -i if user already passes "bash -i" [0.04ms]
(pass) Docker daemon availability check (issue #84) > isDockerAvailable should return a boolean [135.43ms]
(pass) Docker daemon availability check (issue #84) > runInDocker error message for non-running daemon should be actionable [0.20ms]
(pass) Docker not installed check (issue #84) > isDockerInstalled should return a boolean [13.01ms]
(pass) Docker not installed check (issue #84) > runInDocker error message for missing docker binary should be actionable [0.29ms]
(pass) Docker not installed check (issue #84) > isDockerInstalled should return false consistently when docker binary is absent (mock) [11.66ms]
(pass) Post-fix regression hint: --norc suggestion (issue #84) > should suggest --norc for bare bash that exits quickly [0.50ms]
(pass) Post-fix regression hint: --norc suggestion (issue #84) > should suggest --no-rcs for bare zsh that exits quickly [0.08ms]
(pass) Post-fix regression hint: --norc suggestion (issue #84) > should suggest --norc for /bin/bash path that exits quickly [0.04ms]
(pass) Post-fix regression hint: --norc suggestion (issue #84) > should suggest --norc for bare sh that exits quickly [0.03ms]
(pass) Post-fix regression hint: --norc suggestion (issue #84) > should confirm workaround: bash --norc is detected as bare shell [0.25ms]

test/regression-89.js:
(pass) Virtual docker pull output before Docker error (issue #89) > should show "$ docker pull <image>" line when Docker is not installed and image is specified [0.44ms]
(pass) Virtual docker pull output before Docker error (issue #89) > should show "$ docker pull <image>" before the error message (issue #89) [0.48ms]
(pass) Virtual docker pull output before Docker error (issue #89) > should output "$ docker pull <image>" in the correct format ($ prefix, no extra prefix) [0.11ms]
(pass) runInDocker virtual pull output contract (issue #89) > runInDocker should output docker pull command but NOT ✗/│ markers before returning (issue #89) [0.42ms]

test/regression-91.js:
(pass) isShellInvocationWithArgs (issue #91) > should return true for "bash -i -c nvm --version" [0.11ms]
(pass) isShellInvocationWithArgs (issue #91) > should return true for 'bash -c "echo hello"' [0.09ms]
(pass) isShellInvocationWithArgs (issue #91) > should return true for "bash -c echo hello" [0.05ms]
(pass) isShellInvocationWithArgs (issue #91) > should return true for "zsh -c nvm --version" [0.02ms]
(pass) isShellInvocationWithArgs (issue #91) > should return true for "sh -c ls" [0.02ms]
(pass) isShellInvocationWithArgs (issue #91) > should return true for "/bin/bash -c echo hi" [0.02ms]
(pass) isShellInvocationWithArgs (issue #91) > should return false for bare "bash" (no -c) [0.02ms]
(pass) isShellInvocationWithArgs (issue #91) > should return false for "bash -i" (no -c) [0.02ms]
(pass) isShellInvocationWithArgs (issue #91) > should return false for "bash --norc" (no -c) [0.02ms]
(pass) isShellInvocationWithArgs (issue #91) > should return false for non-shell commands [0.04ms]
(pass) buildShellWithArgsCmdArgs (issue #91) > should reconstruct "bash -i -c nvm --version" correctly [0.14ms]
(pass) buildShellWithArgsCmdArgs (issue #91) > should reconstruct "bash -c echo hello" correctly [0.05ms]
(pass) buildShellWithArgsCmdArgs (issue #91) > should handle single-word script "bash -c ls" [0.03ms]
(pass) buildShellWithArgsCmdArgs (issue #91) > should handle zsh with -c [0.04ms]
(pass) buildShellWithArgsCmdArgs (issue #91) > should handle /bin/bash -i -c with multi-word script [0.04ms]
(pass) buildShellWithArgsCmdArgs (issue #91) > should not include -c argument inside script argument (no double -c) [0.04ms]
(pass) Regression: No Double-Wrapping for Shell With -c (issue #91) > should pass "bash -i -c nvm --version" directly without outer shell wrapper [0.26ms]
(pass) Regression: No Double-Wrapping for Shell With -c (issue #91) > should pass "zsh -c nvm --version" directly without outer shell wrapper [0.10ms]
(pass) Regression: No Double-Wrapping for Shell With -c (issue #91) > should pass "bash -c echo hello" directly [0.11ms]
(pass) Regression: No Double-Wrapping for Shell With -c (issue #91) > should not introduce a second bash layer (no shell-inside-shell) [0.06ms]
(pass) Regression: No Double-Wrapping for Shell With -c (issue #91) > should still handle bare "bash" with -i (regression guard for issue #84) [0.04ms]
(pass) Regression: No Double-Wrapping for Shell With -c (issue #91) > should still wrap non-shell commands in outer shell -c (guard against over-broad fix) [0.08ms]
(pass) Regression: No Double-Wrapping for Shell With -c (issue #91) > should still wrap "npm test" in outer shell -c [0.04ms]
(pass) isShellInvocationWithArgs is mutually exclusive with isInteractiveShellCommand > "bash" is not both bare-shell and shell-with-args [0.04ms]
(pass) isShellInvocationWithArgs is mutually exclusive with isInteractiveShellCommand > "bash -i" is not both bare-shell and shell-with-args
(pass) isShellInvocationWithArgs is mutually exclusive with isInteractiveShellCommand > "bash --norc" is not both bare-shell and shell-with-args
(pass) isShellInvocationWithArgs is mutually exclusive with isInteractiveShellCommand > "bash -i -c nvm --version" is not both bare-shell and shell-with-args
(pass) isShellInvocationWithArgs is mutually exclusive with isInteractiveShellCommand > "bash -c echo hi" is not both bare-shell and shell-with-args
(pass) isShellInvocationWithArgs is mutually exclusive with isInteractiveShellCommand > "zsh -c ls" is not both bare-shell and shell-with-args
(pass) isShellInvocationWithArgs is mutually exclusive with isInteractiveShellCommand > "nvm --version" is not both bare-shell and shell-with-args
(pass) isShellInvocationWithArgs is mutually exclusive with isInteractiveShellCommand > "echo hello" is not both bare-shell and shell-with-args
(pass) buildDisplayCommand (issue #91 display fix) > should quote the -c script argument when it contains spaces [0.07ms]
(pass) buildDisplayCommand (issue #91 display fix) > should quote the -c script argument for plain "bash -c echo hello" [0.09ms]
(pass) buildDisplayCommand (issue #91 display fix) > should not double-quote if script has no spaces [0.03ms]
(pass) buildDisplayCommand (issue #91 display fix) > should return command unchanged for non-shell-with-args commands [0.02ms]
(pass) buildDisplayCommand (issue #91 display fix) > should return command unchanged for bare shell invocations [0.02ms]
(pass) buildDisplayCommand (issue #91 display fix) > should handle zsh -c with spaces [0.02ms]

test/release-name.mjs:
(pass) releaseTag > uses plain "v${version}" when no prefix is given [0.10ms]
(pass) releaseTag > prepends known language prefixes [0.04ms]
(pass) releaseTag > passes arbitrary prefixes through [0.16ms]
(pass) releaseName > returns bare version when prefix is empty (preserves pre-issue-108 behaviour) [0.13ms]
(pass) releaseName > decorates known language prefixes with human titles [0.08ms]
(pass) releaseName > falls back to "${prefix}${version}" for unknown prefixes [0.04ms]
(pass) release badge helpers > strips plain and language-prefixed v tags before building badge versions [0.32ms]
(pass) release badge helpers > escapes shields.io static badge path delimiters in prerelease versions [0.57ms]
(pass) release badge helpers > builds an exact npm version badge without leaking the js tag prefix [0.22ms]
(pass) release badge helpers > builds an exact crates.io version badge without leaking the rust tag prefix [0.60ms]
(pass) extractChangelogEntry > extracts a Changesets-style JavaScript entry [0.45ms]
(pass) extractChangelogEntry > extracts a Keep-a-Changelog-style Rust entry [0.11ms]

test/run-js-tests.mjs:
(pass) run-js-tests timeout defaults > adds a 30 second timeout when no timeout is supplied [0.18ms]
(pass) run-js-tests timeout defaults > preserves an explicit long timeout flag [0.07ms]
(pass) run-js-tests timeout defaults > preserves an explicit inline timeout flag [0.03ms]
(pass) run-js-tests timeout defaults > preserves Bun short timeout flag [0.03ms]

test/screen-integration.js:
(pass) Screen Integration Tests > runInScreen (if available) > should run command in detached screen session [79.01ms]
(pass) Screen Integration Tests > runInScreen (if available) > should stream detached screen output to the tracked CLI log path [492.83ms]
hello
  Captured output: "hello"
(pass) Screen Integration Tests > runInScreen (if available) > should run command in attached mode and capture output (issue #15) [170.88ms]
line1
line2
line3
  Captured multi-line output: "line1\nline2\nline3"
(pass) Screen Integration Tests > runInScreen (if available) > should handle multi-line output in attached mode [162.12ms]
hello
  Captured quoted output: "hello"
(pass) Screen Integration Tests > runInScreen (if available) > should capture output from commands with quoted strings (issue #25) [191.44ms]
hello from attached mode
  Captured complex quote output: "hello from attached mode"
(pass) Screen Integration Tests > runInScreen (if available) > should capture output from commands with complex quoted strings [200.38ms]
quick command output
  Verified output capture: "quick command output"
(pass) Screen Integration Tests > runInScreen (if available) > should always return output property in attached mode (issue #25 fix verification) [163.09ms]
v20.20.2
  Captured version output: "v20.20.2"
(pass) Screen Integration Tests > runInScreen (if available) > should capture output from version-flag commands (issue #96) [158.52ms]
/bin/sh: 1: nonexistent_command_12345: not found
  Captured exit code: 127
(pass) Screen Integration Tests > runInScreen (if available) > should capture exit code from failed commands (issue #96) [167.54ms]
stderr-test
  Captured stderr output: "stderr-test"
(pass) Screen Integration Tests > runInScreen (if available) > should capture stderr output in screen isolation (issue #96) [161.97ms]
line1
line2
line3
  Multi-line output with exit code 0: verified
(pass) Screen Integration Tests > runInScreen (if available) > should capture multi-line output with correct exit code (issue #96) [177.31ms]

test/sequence-parser.js:
(pass) Sequence Parser > parseSequence > should parse single value [0.10ms]
(pass) Sequence Parser > parseSequence > should parse space-separated sequence [0.16ms]
(pass) Sequence Parser > parseSequence > should parse sequence with underscores as null [0.04ms]
(pass) Sequence Parser > parseSequence > should handle all underscores [0.07ms]
(pass) Sequence Parser > parseSequence > should handle empty string [0.03ms]
(pass) Sequence Parser > parseSequence > should handle null/undefined [0.03ms]
(pass) Sequence Parser > parseSequence > should trim whitespace [0.04ms]
(pass) Sequence Parser > parseSequence > should handle multiple spaces between values [0.08ms]
(pass) Sequence Parser > formatSequence > should format array with values [0.08ms]
(pass) Sequence Parser > formatSequence > should format array with nulls as underscores [0.07ms]
(pass) Sequence Parser > formatSequence > should handle empty array [0.05ms]
(pass) Sequence Parser > formatSequence > should handle non-array [0.06ms]
(pass) Sequence Parser > shiftSequence > should remove first element [0.13ms]
(pass) Sequence Parser > shiftSequence > should handle nulls [0.06ms]
(pass) Sequence Parser > shiftSequence > should handle single element [0.04ms]
(pass) Sequence Parser > shiftSequence > should handle empty array [0.02ms]
(pass) Sequence Parser > isSequence > should return true for space-separated values [0.05ms]
(pass) Sequence Parser > isSequence > should return false for single value [0.94ms]
(pass) Sequence Parser > isSequence > should return false for non-string [0.08ms]
(pass) Sequence Parser > distributeOption > should replicate single value for all levels [0.16ms]
(pass) Sequence Parser > distributeOption > should parse sequence with matching length [0.04ms]
(pass) Sequence Parser > distributeOption > should throw on length mismatch [0.14ms]
(pass) Sequence Parser > distributeOption > should handle null/undefined value [0.04ms]
(pass) Sequence Parser > getValueAtLevel > should get value at valid index [0.07ms]
(pass) Sequence Parser > getValueAtLevel > should handle nulls [0.04ms]
(pass) Sequence Parser > getValueAtLevel > should return null for out of bounds [0.03ms]
(pass) Sequence Parser > getValueAtLevel > should handle non-array [0.04ms]
(pass) Sequence Parser > formatIsolationChain > should format simple chain [0.30ms]
(pass) Sequence Parser > formatIsolationChain > should add SSH endpoint [0.09ms]
(pass) Sequence Parser > formatIsolationChain > should add Docker image short name [0.06ms]
(pass) Sequence Parser > formatIsolationChain > should handle placeholders [0.03ms]
(pass) Sequence Parser > formatIsolationChain > should handle empty array [0.03ms]
(pass) Sequence Parser > buildNextLevelOptions > should shift all stacks [0.19ms]
(pass) Sequence Parser > buildNextLevelOptions > should handle last level [1.45ms]

test/session-name-status.js:
=== Session Name Status Tests (Issue #101) ===
(pass) Issue #101: --status with session name lookup > ExecutionStore.get() session name lookup > should find record by UUID [3.97ms]
(pass) Issue #101: --status with session name lookup > ExecutionStore.get() session name lookup > should find record by session name [2.04ms]
(pass) Issue #101: --status with session name lookup > ExecutionStore.get() session name lookup > should prefer UUID match over session name [3.54ms]
(pass) Issue #101: --status with session name lookup > ExecutionStore.get() session name lookup > should return null for non-existent session name [0.48ms]
(pass) Issue #101: --status with session name lookup > ExecutionStore.get() session name lookup > should return null for record without session name [1.59ms]
(pass) Issue #101: --status with session name lookup > queryStatus() with session name > should query status by session name [32.60ms]
(pass) Issue #101: --status with session name lookup > queryStatus() with session name > should show error for non-existent session name [0.58ms]
(pass) Issue #101: --status with session name lookup > CLI --status with session name > should query by session name via CLI [150.04ms]
(pass) Issue #101: --status with session name lookup > CLI --status with session name > should show error for non-existent session name via CLI [110.38ms]
(pass) Issue #101: Detached status enrichment > isDetachedSessionAlive() > should return null for non-detached records [0.32ms]
(pass) Issue #101: Detached status enrichment > isDetachedSessionAlive() > should return null for records without session name [0.13ms]
(pass) Issue #101: Detached status enrichment > isDetachedSessionAlive() > should return false for non-existent screen session [24.50ms]
(pass) Issue #101: Detached status enrichment > isDetachedSessionAlive() > should return false for non-existent docker container [73.04ms]
(pass) Issue #101: Detached status enrichment > enrichDetachedStatus() > should not modify non-detached records [0.37ms]
(pass) Issue #101: Detached status enrichment > enrichDetachedStatus() > should mark non-running detached session as executed [25.96ms]
(pass) Issue #101: Detached status enrichment > enrichDetachedStatus() > Issue #134: completed record with a lingering live session > keeps the recorded exit code when the session is still listed [88.54ms]
(pass) Issue #101: Detached status enrichment > enrichDetachedStatus() > Issue #134: completed record with a lingering live session > honors the log footer exit code even without a recorded exit code [113.89ms]
(pass) Issue #101: Detached status enrichment > enrichDetachedStatus() > Issue #134: completed record with a lingering live session > flips to executing only when there is no terminal record at all [89.93ms]
(pass) Issue #136: detached docker session liveness > reports unknown (null) — not false — when the container is not visible yet [75.28ms]
(pass) Issue #136: detached docker session liveness > keeps the record executing while the container is not visible yet [68.96ms]
(pass) Issue #136: detached docker session liveness > keeps a running container executing [924.60ms]
(pass) Issue #136: detached docker session liveness > resolves a stopped container to its real exit code, never the -1 sentinel [925.39ms]
(pass) Issue #144: detached docker OOMKilled status signal > surfaces oomKilled in status output even when Docker exit code is 0 [28.44ms]
(pass) Issue #144: detached docker OOMKilled status signal > surfaces oomKilled in list output [9.25ms]
(pass) Issue #148: detached docker OOMKilled terminal status when the container is gone > makes an OOM-killed session terminal once its container is gone [18.44ms]
(pass) Issue #148: detached docker OOMKilled terminal status when the container is gone > uses the container exit code, not 137, for a stopped OOM-flagged container [9.22ms]
(pass) Issue #151: OOMKilled is an observation, not a verdict > keeps a running container executing while exposing oomKilled [12.17ms]
(pass) Issue #151: OOMKilled is an observation, not a verdict > never synthesizes 137 for a running container that reports exit code 137 [8.74ms]
(pass) Issue #151: OOMKilled is an observation, not a verdict > reports the container exit code 0 once an OOM-flagged container finishes [7.11ms]
(pass) Issue #151: OOMKilled is an observation, not a verdict > prefers the log footer exit code over the OOM fallback when the container is gone [7.44ms]
(pass) Issue #151: OOMKilled is an observation, not a verdict > keeps the list output executing for an OOM-flagged running container [12.46ms]
(pass) Issue #105: attachCurrentTime for executing status > should add currentTime to serialization when status is executing [1.29ms]
(pass) Issue #105: attachCurrentTime for executing status > should not add currentTime when status is executed [0.15ms]
(pass) Issue #105: attachCurrentTime for executing status > should not mutate the original record [0.12ms]
(pass) Issue #105: attachCurrentTime for executing status > should place currentTime right after startTime in serialization order [0.14ms]
(pass) Issue #105: attachCurrentTime for executing status > should handle null record gracefully [0.03ms]

test/ssh-integration.js:
  SSH to localhost not available, integration tests will be skipped
  Skipping: SSH to localhost not available
(pass) SSH Integration Tests > runInSsh with real SSH connection > should execute simple command in attached mode [0.79ms]
  Skipping: SSH to localhost not available
(pass) SSH Integration Tests > runInSsh with real SSH connection > should execute command with arguments [0.30ms]
  Skipping: SSH to localhost not available
(pass) SSH Integration Tests > runInSsh with real SSH connection > should handle command failure with non-zero exit code [0.17ms]
  Skipping: SSH to localhost not available
(pass) SSH Integration Tests > runInSsh with real SSH connection > should execute command in detached mode [0.17ms]
  Skipping: SSH to localhost not available
(pass) SSH Integration Tests > runInSsh with real SSH connection > should handle multiple sequential commands [0.16ms]
  Skipping: SSH to localhost not available
(pass) SSH Integration Tests > runInSsh with real SSH connection > should handle command with environment variables [0.15ms]
  Skipping: SSH to localhost not available
(pass) SSH Integration Tests > runInSsh with real SSH connection > should handle special characters in command [0.18ms]
  Skipping: SSH to localhost not available
(pass) SSH Integration Tests > runInSsh with real SSH connection > should work with custom session name [0.17ms]
  Note: SSH connection error handling is tested via unit tests
(pass) SSH Integration Tests > SSH error handling > should fail gracefully with invalid endpoint [6.96ms]
  Skipping: SSH to localhost not available
(pass) SSH CLI Integration > should work through CLI with --isolated ssh --endpoint [7.54ms]

test/status-query.js:
=== Status Query Integration Tests ===
(pass) --status query functionality > links-notation format (default) > should output status in links-notation indented format by default [139.61ms]
(pass) --status query functionality > links-notation format (default) > should output status in links-notation format with explicit flag [125.94ms]
(pass) --status query functionality > json format > should output status in JSON format [167.02ms]
(pass) --status query functionality > text format > should output status in human-readable text format [113.46ms]
(pass) --status query functionality > error handling > should show error for non-existent UUID [128.36ms]
(pass) --status query functionality > error handling > should show error when tracking is disabled [92.27ms]
(pass) --status query functionality > --list query functionality > should output all tracked executions in links-notation format by default [141.47ms]
(pass) --status query functionality > --list query functionality > should output all tracked executions in JSON format [203.95ms]
(pass) --status query functionality > --list query functionality > should show count zero when no records are stored [99.51ms]
(pass) --status query functionality > --list query functionality > should show error when tracking is disabled [96.62ms]
(pass) --status query functionality > --upload-log functionality > should run gh-upload-log with the stored execution log path [139.83ms]
(pass) --status query functionality > --upload-log functionality > should install gh-upload-log when it is missing before uploading [170.61ms]
(pass) --status query functionality > --upload-log functionality > should show an error when the stored log file is missing [128.85ms]
(pass) --status query functionality > executing status > should show executing status for ongoing commands [139.12ms]
(pass) --status query functionality > executing status > should include currentTime for executing commands (JSON) [128.37ms]
(pass) --status query functionality > executing status > should not include currentTime for completed commands (JSON) [117.00ms]
(pass) --status query functionality > executing status > should include currentTime in links-notation for executing commands [122.78ms]
(pass) --status query functionality > executing status > should indent nested process ID arrays in links-notation [185.99ms]
(pass) --status query functionality > executing status > should include Current Time in text format for executing commands [137.00ms]
(pass) --status query functionality > executing status > should not include Current Time in text format for completed commands [122.78ms]

test/substitution.js:
=== Substitution Engine Unit Tests ===

✓ Loaded 48 substitution rules

✓ Test: loadDefaultSubstitutions() returns array of rules
✓ Test: Rules have correct structure (pattern, replacement, regex)

=== Pattern Matching Tests ===

✓ PASS: Basic npm install
  Input:  "install gh-upload-log npm package"
  Output: "npm install gh-upload-log"

✓ PASS: npm install with version
  Input:  "install 0.0.1 version of gh-upload-log npm package"
  Output: "npm install gh-upload-log@0.0.1"

✓ PASS: Global npm install
  Input:  "install lodash npm package globally"
  Output: "npm install -g lodash"

✓ PASS: Global npm install with version
  Input:  "install 4.17.21 version of lodash npm package globally"
  Output: "npm install -g lodash@4.17.21"

✓ PASS: npm uninstall
  Input:  "uninstall lodash npm package"
  Output: "npm uninstall lodash"

✓ PASS: Git clone with URL
  Input:  "clone https://github.com/user/repo repository"
  Output: "git clone https://github.com/user/repo"

✓ PASS: Git clone with SSH URL
  Input:  "clone git@github.com:user/repo.git repository"
  Output: "git clone git@github.com:user/repo.git"

✓ PASS: Git checkout branch
  Input:  "checkout main branch"
  Output: "git checkout main"

✓ PASS: Git create branch
  Input:  "create feature-x branch"
  Output: "git checkout -b feature-x"

✓ PASS: List files
  Input:  "list files"
  Output: "ls -la"

✓ PASS: Show working directory
  Input:  "show current directory"
  Output: "pwd"

✓ PASS: Create directory
  Input:  "create my-project directory"
  Output: "mkdir -p my-project"

✓ PASS: pip install
  Input:  "install requests python package"
  Output: "pip install requests"

✓ PASS: Non-matching command (pass through)
  Input:  "echo hello world"
  Output: "echo hello world"

✓ PASS: Regular npm command (pass through)
  Input:  "npm test"
  Output: "npm test"

=== Pattern Specificity Tests ===

✓ Test: Pattern specificity works correctly
  Input:  "install 1.0.0 version of express npm package globally"
  Output: "npm install -g express@1.0.0"

=== Variable Extraction Tests ===

✓ Test: Variable extraction and substitution works correctly
  Pattern matched: "install $packageName npm package"
  Variables in pattern: [packageName]
  Result command: "npm install my-package"

=== processCommand Integration Tests ===

✓ Test: processCommand applies substitutions
  Input:  "list files"
  Output: "ls -la"
  Matched: true

✓ Test: processCommand passes through non-matching commands
  Input:  "echo test"
  Output: "echo test"
  Matched: false

=== Test Summary ===
Pattern Matching: 15/15 tests passed
Total Tests: 22/22 passed

✓ All tests passed!


test/user-manager.js:
(pass) user-manager > getCurrentUser > should return a non-empty string [6.68ms]
(pass) user-manager > getCurrentUser > should return a valid username format [7.09ms]
(pass) user-manager > getCurrentUserGroups > should return an array [6.49ms]
(pass) user-manager > getCurrentUserGroups > should return at least one group (the primary group) [7.84ms]
(pass) user-manager > getCurrentUserGroups > should return groups as strings [8.19ms]
(pass) user-manager > userExists > should return true for current user [17.70ms]
(pass) user-manager > userExists > should return false for non-existent user [6.54ms]
(pass) user-manager > userExists > should return true for root user (on Unix) [8.62ms]
(pass) user-manager > groupExists > should return true for root group (on Unix) [13.45ms]
(pass) user-manager > groupExists > should return false for non-existent group [6.89ms]
(pass) user-manager > generateIsolatedUsername > should generate unique usernames [0.30ms]
(pass) user-manager > generateIsolatedUsername > should use default prefix [0.09ms]
(pass) user-manager > generateIsolatedUsername > should use custom prefix [0.04ms]
(pass) user-manager > generateIsolatedUsername > should generate valid username (no special chars) [0.05ms]
(pass) user-manager > generateIsolatedUsername > should not exceed 31 characters [0.03ms]
(pass) user-manager > generateIsolatedUsername > should handle long prefix by truncating [0.02ms]
(pass) user-manager > getUserInfo > should return exists: false for non-existent user [7.75ms]
(pass) user-manager > getUserInfo > should return user info for current user [38.35ms]
(pass) user-manager > getUserInfo > should include uid for existing user [35.11ms]
(pass) args-parser user isolation options > --isolated-user option (user isolation) > should parse --isolated-user flag [0.69ms]
(pass) args-parser user isolation options > --isolated-user option (user isolation) > should parse --isolated-user with custom username [0.17ms]
(pass) args-parser user isolation options > --isolated-user option (user isolation) > should parse --isolated-user=value format [0.12ms]
(pass) args-parser user isolation options > --isolated-user option (user isolation) > should parse -u shorthand [0.09ms]
(pass) args-parser user isolation options > --isolated-user option (user isolation) > should parse -u with custom username [0.10ms]
(pass) args-parser user isolation options > --isolated-user option (user isolation) > should work with isolation options [0.12ms]
(pass) args-parser user isolation options > --isolated-user option (user isolation) > should throw error when used with docker isolation [0.33ms]
(pass) args-parser user isolation options > --isolated-user option (user isolation) > should validate custom username format [0.12ms]
(pass) args-parser user isolation options > --isolated-user option (user isolation) > should validate custom username length [0.23ms]
(pass) args-parser user isolation options > --isolated-user option (user isolation) > should work with screen isolation and custom username [0.16ms]
(pass) args-parser user isolation options > --isolated-user option (user isolation) > should work with tmux isolation [0.15ms]
(pass) args-parser user isolation options > --keep-user option > should parse --keep-user with --isolated-user [0.11ms]
(pass) args-parser user isolation options > --keep-user option > should throw error when used without --isolated-user [0.14ms]

test/version.js:
(pass) Version Flag Tests > Basic version flag > should show version with --version [193.98ms]
(pass) Version Flag Tests > Basic version flag > should show version with -v [192.37ms]
(pass) Version Flag Tests > Basic version flag > should show version with --version -- (trailing separator) [175.95ms]
(pass) Version Flag Tests > Runtime detection > should show Bun version when running with Bun [181.70ms]
(pass) Version Flag Tests > OS version detection > should show OS information [202.21ms]
(pass) Version Flag Tests > OS version detection > should show macOS ProductVersion on darwin [173.63ms]
(pass) Version Flag Tests > Tool version detection > should detect screen version if installed [216.16ms]
(pass) Version Flag Tests > Tool version detection > should detect tmux version if installed [173.76ms]
(pass) Version Flag Tests > Tool version detection > should detect docker version if installed [240.82ms]
(pass) Version Flag Tests > Verbose mode > should show verbose output with --version --verbose [214.28ms]
(pass) Version Flag Tests > Verbose mode > should show verbose output with --version --debug [183.33ms]
(pass) Version Flag Tests > Verbose mode > should show verbose output with START_VERBOSE=1 [320.94ms]
(pass) Version Flag Tests > Error cases > should error with "No command provided" for $ -- [120.50ms]
(pass) Version Flag Tests > Error cases > should error with "No command provided" for no args [96.01ms]

 737 pass
 0 fail
 601 expect() calls
Ran 737 tests across 41 files. [111.08s]
