   Compiling memchr v2.8.2
   Compiling libc v0.2.186
   Compiling proc-macro2 v1.0.106
   Compiling unicode-ident v1.0.24
   Compiling quote v1.0.46
   Compiling serde_core v1.0.228
   Compiling autocfg v1.5.1
   Compiling getrandom v0.4.3
   Compiling zmij v1.0.21
   Compiling num-traits v0.2.19
   Compiling nom v8.0.0
   Compiling aho-corasick v1.1.4
   Compiling cfg-if v1.0.4
   Compiling serde v1.0.228
   Compiling syn v2.0.118
   Compiling regex-syntax v0.8.11
   Compiling option-ext v0.2.0
   Compiling serde_json v1.0.150
   Compiling dirs-sys v0.5.0
   Compiling base64 v0.22.1
   Compiling regex-automata v0.4.14
   Compiling serde_derive v1.0.228
   Compiling links-notation v0.13.0
   Compiling iana-time-zone v0.1.65
   Compiling itoa v1.0.18
   Compiling lino-objects-codec v0.2.1
   Compiling regex v1.12.4
   Compiling chrono v0.4.45
   Compiling uuid v1.23.4
   Compiling dirs v6.0.0
   Compiling start-command v0.19.1 (/tmp/gh-issue-solver-1786375395447/rust)
    Finished `release` profile [optimized] target(s) in 27.20s
